
> @basilisk/web@0.1.0 build /tmp/polish-car-shop-app/apps/web
> next build

▲ Next.js 16.2.4 (Turbopack)

  Creating an optimized production build ...
✓ Compiled successfully in 15.2s
  Running TypeScript ...
  Finished TypeScript in 11.2s ...
  Collecting page data using 7 workers ...
  Generating static pages using 7 workers (0/12) ...
  Generating static pages using 7 workers (3/12) 
  Generating static pages using 7 workers (6/12) 
  Generating static pages using 7 workers (9/12) 
✓ Generating static pages using 7 workers (12/12) in 593ms
  Finalizing page optimization ...

Route (app)
┌ ○ /
├ ○ /_not-found
├ ƒ /api/products
├ ƒ /api/sales
├ ○ /customers
├ ○ /dashboard
├ ○ /inventory
├ ○ /pos
├ ○ /sales
├ ○ /services
└ ○ /settings


○  (Static)   prerendered as static content
ƒ  (Dynamic)  server-rendered on demand

